// Jest Snapshot v1, https://goo.gl/fbAQLP

exports[`renders correctly 1`] = `
<View
  style={
    Object {
      "paddingBottom": 10,
      "paddingTop": 10,
      "width": 150,
    }
  }
>
  <View
    style={
      Object {
        "backgroundColor": "#0093FF",
        "height": 180,
      }
    }
  >
    <View
      style={
        Object {
          "display": "flex",
          "flexDirection": "column",
          "padding": 7,
        }
      }
    >
      <Text
        accessible={true}
        allowFontScaling={true}
        ellipsizeMode="tail"
        style={
          Object {
            "color": "white",
            "fontSize": 12,
          }
        }
      >
        Total Consumed
      </Text>
      <View
        style={
          Object {
            "display": "flex",
            "flexDirection": "row",
          }
        }
      >
        <Text
          accessible={true}
          allowFontScaling={true}
          ellipsizeMode="tail"
          numberOfLines={1}
          style={
            Object {
              "color": "white",
              "flex": 1,
              "fontSize": 20,
            }
          }
        >
          Rs.
           
          234
        </Text>
      </View>
    </View>
  </View>
  <View
    style={
      Object {
        "backgroundColor": "white",
      }
    }
  >
    <View
      style={
        Object {
          "display": "flex",
          "flexDirection": "column",
          "padding": 7,
        }
      }
    >
      <Text
        accessible={true}
        allowFontScaling={true}
        ellipsizeMode="tail"
        style={
          Object {
            "color": "#0093FF",
            "fontSize": 14,
            "overflow": "hidden",
          }
        }
      >
        Okay Budget
      </Text>
      <View
        style={
          Object {
            "display": "flex",
            "flexDirection": "row",
          }
        }
      >
        <Text
          accessible={true}
          allowFontScaling={true}
          ellipsizeMode="tail"
          numberOfLines={1}
          style={
            Object {
              "color": "#0093FF",
              "flex": 1,
              "fontSize": 12,
            }
          }
        >
          January
        </Text>
      </View>
    </View>
  </View>
</View>
`;
